
> spendly-frontend@0.1.0 start
> react-scripts start

Starting the development server...

Compiled with warnings.

[eslint] 
src\pages\Expenses.jsx
  Line 14:10:  'showAdd' is assigned a value but never used     no-unused-vars
  Line 14:19:  'setShowAdd' is assigned a value but never used  no-unused-vars

Search for the keywords to learn more about each warning.
To ignore, add // eslint-disable-next-line to the line before.

[1m[33mWARNING[39m[22m in [1m[eslint] 
src\pages\Expenses.jsx
  Line 14:10:  'showAdd' is assigned a value but never used     no-unused-vars
  Line 14:19:  'setShowAdd' is assigned a value but never used  no-unused-vars

[39m[22m

webpack compiled with [1m[33m1 warning[39m[22m
Compiling...
Compiled with warnings.

[eslint] 
src\pages\Expenses.jsx
  Line 14:10:  'showAdd' is assigned a value but never used     no-unused-vars
  Line 14:19:  'setShowAdd' is assigned a value but never used  no-unused-vars

Search for the keywords to learn more about each warning.
To ignore, add // eslint-disable-next-line to the line before.

[1m[33mWARNING[39m[22m in [1m[eslint] 
src\pages\Expenses.jsx
  Line 14:10:  'showAdd' is assigned a value but never used     no-unused-vars
  Line 14:19:  'setShowAdd' is assigned a value but never used  no-unused-vars

[39m[22m

webpack compiled with [1m[33m1 warning[39m[22m
Compiling...
Compiled with warnings.

[eslint] 
src\pages\Expenses.jsx
  Line 14:10:  'showAdd' is assigned a value but never used     no-unused-vars
  Line 14:19:  'setShowAdd' is assigned a value but never used  no-unused-vars

Search for the keywords to learn more about each warning.
To ignore, add // eslint-disable-next-line to the line before.

[1m[33mWARNING[39m[22m in [1m[eslint] 
src\pages\Expenses.jsx
  Line 14:10:  'showAdd' is assigned a value but never used     no-unused-vars
  Line 14:19:  'setShowAdd' is assigned a value but never used  no-unused-vars

[39m[22m

webpack compiled with [1m[33m1 warning[39m[22m
Compiling...
Compiled with warnings.

[eslint] 
src\pages\Expenses.jsx
  Line 14:10:  'showAdd' is assigned a value but never used     no-unused-vars
  Line 14:19:  'setShowAdd' is assigned a value but never used  no-unused-vars

Search for the keywords to learn more about each warning.
To ignore, add // eslint-disable-next-line to the line before.

[1m[33mWARNING[39m[22m in [1m[eslint] 
src\pages\Expenses.jsx
  Line 14:10:  'showAdd' is assigned a value but never used     no-unused-vars
  Line 14:19:  'setShowAdd' is assigned a value but never used  no-unused-vars

[39m[22m

webpack compiled with [1m[33m1 warning[39m[22m
Compiling...
Compiled with warnings.

[eslint] 
src\pages\Expenses.jsx
  Line 14:10:  'showAdd' is assigned a value but never used     no-unused-vars
  Line 14:19:  'setShowAdd' is assigned a value but never used  no-unused-vars

Search for the keywords to learn more about each warning.
To ignore, add // eslint-disable-next-line to the line before.

[1m[33mWARNING[39m[22m in [1m[eslint] 
src\pages\Expenses.jsx
  Line 14:10:  'showAdd' is assigned a value but never used     no-unused-vars
  Line 14:19:  'setShowAdd' is assigned a value but never used  no-unused-vars

[39m[22m

webpack compiled with [1m[33m1 warning[39m[22m
Compiling...
Compiled with warnings.

[eslint] 
src\pages\Expenses.jsx
  Line 14:10:  'showAdd' is assigned a value but never used     no-unused-vars
  Line 14:19:  'setShowAdd' is assigned a value but never used  no-unused-vars

Search for the keywords to learn more about each warning.
To ignore, add // eslint-disable-next-line to the line before.

[1m[33mWARNING[39m[22m in [1m[eslint] 
src\pages\Expenses.jsx
  Line 14:10:  'showAdd' is assigned a value but never used     no-unused-vars
  Line 14:19:  'setShowAdd' is assigned a value but never used  no-unused-vars

[39m[22m

webpack compiled with [1m[33m1 warning[39m[22m
Compiling...
Compiled successfully!
webpack compiled [1m[32msuccessfully[39m[22m
Compiling...
Compiled successfully!
webpack compiled [1m[32msuccessfully[39m[22m
Compiling...
Compiled successfully!
webpack compiled [1m[32msuccessfully[39m[22m
Compiling...
Compiled successfully!
webpack compiled [1m[32msuccessfully[39m[22m
Compiling...
Compiled successfully!
webpack compiled [1m[32msuccessfully[39m[22m
Compiling...
Compiled successfully!
webpack compiled [1m[32msuccessfully[39m[22m
Compiling...
Compiled successfully!
webpack compiled [1m[32msuccessfully[39m[22m
Compiling...
Compiled successfully!
webpack compiled [1m[32msuccessfully[39m[22m
Compiling...
Compiled successfully!
webpack compiled [1m[32msuccessfully[39m[22m
Compiling...
Compiled successfully!
webpack compiled [1m[32msuccessfully[39m[22m
Compiling...
Compiled successfully!
webpack compiled [1m[32msuccessfully[39m[22m
Compiling...
Compiled successfully!
webpack compiled [1m[32msuccessfully[39m[22m
